[sede.carm.es/jAD/IMAS_SC/FCFNValida2d32.html]
[backblue.gif]
[fade.gif]
[index.html]
[sede.carm.es/jAD/css/fonts.css]
[sede.carm.es/jAD/css/tinymce-content.css]
[sede.carm.es/jAD/js/jquery-validate.min.js]
[sede.carm.es/jAD/js/additional-methods.min.js]
[sede.carm.es/jAD/js/jquery-latest.min.js]
[sede.carm.es/jAD/js/calendar-es.js]
[sede.carm.es/jAD/js/util.js]
[sede.carm.es/jAD/js/menu-responsivo.js]
[sede.carm.es/18f5227b-e27b-445a-a53f-f845fbe69b40/stormcaster.js]
[sede.carm.es/jAD/IMAS_SC/FCFNValida2d32.html]
[sede.carm.es/jAD/css/fonts/icomoon1f0f.eot]
[sede.carm.es/jAD/css/fonts/icomoon1f0f.ttf]
[sede.carm.es/jAD/css/fonts/icomoon1f0f.woff]
[sede.carm.es/jAD/css/fonts.css]
[sede.carm.es/jAD/css/tinymce-content.css]
[sede.carm.es/jAD/IMAS_SC/Trident/index.html]
[sede.carm.es/jAD/css/fonts/icomoon1f0f.svg]
